------------------------------------------------------------
Timing Analyzer Summary
------------------------------------------------------------

Type  : Slow 1200mV 85C Model Setup 'ready'
Slack : -3.485
TNS   : -3.485

Type  : Slow 1200mV 85C Model Setup 'clk'
Slack : -2.655
TNS   : -40.064

Type  : Slow 1200mV 85C Model Setup 'a[0]'
Slack : -2.556
TNS   : -5.077

Type  : Slow 1200mV 85C Model Setup 'keep:inst7|out[1]'
Slack : -1.914
TNS   : -3.820

Type  : Slow 1200mV 85C Model Setup 'rdclk'
Slack : -0.172
TNS   : -0.858

Type  : Slow 1200mV 85C Model Hold 'a[0]'
Slack : -0.056
TNS   : -0.056

Type  : Slow 1200mV 85C Model Hold 'rdclk'
Slack : 0.500
TNS   : 0.000

Type  : Slow 1200mV 85C Model Hold 'clk'
Slack : 0.703
TNS   : 0.000

Type  : Slow 1200mV 85C Model Hold 'keep:inst7|out[1]'
Slack : 1.338
TNS   : 0.000

Type  : Slow 1200mV 85C Model Hold 'ready'
Slack : 2.489
TNS   : 0.000

Type  : Slow 1200mV 85C Model Minimum Pulse Width 'rdclk'
Slack : -3.201
TNS   : -57.894

Type  : Slow 1200mV 85C Model Minimum Pulse Width 'clk'
Slack : -3.201
TNS   : -51.367

Type  : Slow 1200mV 85C Model Minimum Pulse Width 'a[0]'
Slack : -3.000
TNS   : -3.000

Type  : Slow 1200mV 85C Model Minimum Pulse Width 'ready'
Slack : -3.000
TNS   : -3.000

Type  : Slow 1200mV 85C Model Minimum Pulse Width 'keep:inst7|out[1]'
Slack : 0.383
TNS   : 0.000

Type  : Slow 1200mV 0C Model Setup 'ready'
Slack : -3.182
TNS   : -3.182

Type  : Slow 1200mV 0C Model Setup 'a[0]'
Slack : -2.681
TNS   : -5.303

Type  : Slow 1200mV 0C Model Setup 'clk'
Slack : -2.275
TNS   : -34.100

Type  : Slow 1200mV 0C Model Setup 'keep:inst7|out[1]'
Slack : -1.703
TNS   : -3.396

Type  : Slow 1200mV 0C Model Setup 'rdclk'
Slack : -0.074
TNS   : -0.368

Type  : Slow 1200mV 0C Model Hold 'a[0]'
Slack : -0.074
TNS   : -0.074

Type  : Slow 1200mV 0C Model Hold 'rdclk'
Slack : 0.469
TNS   : 0.000

Type  : Slow 1200mV 0C Model Hold 'clk'
Slack : 0.632
TNS   : 0.000

Type  : Slow 1200mV 0C Model Hold 'keep:inst7|out[1]'
Slack : 1.263
TNS   : 0.000

Type  : Slow 1200mV 0C Model Hold 'ready'
Slack : 2.326
TNS   : 0.000

Type  : Slow 1200mV 0C Model Minimum Pulse Width 'rdclk'
Slack : -3.201
TNS   : -57.894

Type  : Slow 1200mV 0C Model Minimum Pulse Width 'clk'
Slack : -3.201
TNS   : -51.367

Type  : Slow 1200mV 0C Model Minimum Pulse Width 'a[0]'
Slack : -3.000
TNS   : -3.000

Type  : Slow 1200mV 0C Model Minimum Pulse Width 'ready'
Slack : -3.000
TNS   : -3.000

Type  : Slow 1200mV 0C Model Minimum Pulse Width 'keep:inst7|out[1]'
Slack : 0.324
TNS   : 0.000

Type  : Fast 1200mV 0C Model Setup 'keep:inst7|out[1]'
Slack : -0.958
TNS   : -1.914

Type  : Fast 1200mV 0C Model Setup 'ready'
Slack : -0.771
TNS   : -0.771

Type  : Fast 1200mV 0C Model Setup 'clk'
Slack : -0.679
TNS   : -7.279

Type  : Fast 1200mV 0C Model Setup 'a[0]'
Slack : -0.350
TNS   : -0.350

Type  : Fast 1200mV 0C Model Setup 'rdclk'
Slack : 0.512
TNS   : 0.000

Type  : Fast 1200mV 0C Model Hold 'a[0]'
Slack : -0.115
TNS   : -0.115

Type  : Fast 1200mV 0C Model Hold 'rdclk'
Slack : 0.193
TNS   : 0.000

Type  : Fast 1200mV 0C Model Hold 'clk'
Slack : 0.271
TNS   : 0.000

Type  : Fast 1200mV 0C Model Hold 'ready'
Slack : 0.888
TNS   : 0.000

Type  : Fast 1200mV 0C Model Hold 'keep:inst7|out[1]'
Slack : 1.222
TNS   : 0.000

Type  : Fast 1200mV 0C Model Minimum Pulse Width 'rdclk'
Slack : -3.000
TNS   : -35.324

Type  : Fast 1200mV 0C Model Minimum Pulse Width 'clk'
Slack : -3.000
TNS   : -25.947

Type  : Fast 1200mV 0C Model Minimum Pulse Width 'a[0]'
Slack : -3.000
TNS   : -3.000

Type  : Fast 1200mV 0C Model Minimum Pulse Width 'ready'
Slack : -3.000
TNS   : -3.000

Type  : Fast 1200mV 0C Model Minimum Pulse Width 'keep:inst7|out[1]'
Slack : 0.431
TNS   : 0.000

------------------------------------------------------------
